
R version 4.2.0 (2022-04-22) -- "Vigorous Calisthenics"
Copyright (C) 2022 The R Foundation for Statistical Computing
Platform: x86_64-pc-linux-gnu (64-bit)

R is free software and comes with ABSOLUTELY NO WARRANTY.
You are welcome to redistribute it under certain conditions.
Type 'license()' or 'licence()' for distribution details.

  Natural language support but running in an English locale

R is a collaborative project with many contributors.
Type 'contributors()' for more information and
'citation()' on how to cite R or R packages in publications.

Type 'demo()' for some demos, 'help()' for on-line help, or
'help.start()' for an HTML browser interface to help.
Type 'q()' to quit R.

> pkgname <- "OlinkAnalyze"
> source(file.path(R.home("share"), "R", "examples-header.R"))
> options(warn = 1)
> base::assign(".ExTimings", "OlinkAnalyze-Ex.timings", pos = 'CheckExEnv')
> base::cat("name\tuser\tsystem\telapsed\n", file=base::get(".ExTimings", pos = 'CheckExEnv'))
> base::assign(".format_ptime",
+ function(x) {
+   if(!is.na(x[4L])) x[1L] <- x[1L] + x[4L]
+   if(!is.na(x[5L])) x[2L] <- x[2L] + x[5L]
+   options(OutDec = '.')
+   format(x[1L:3L], digits = 7L)
+ },
+ pos = 'CheckExEnv')
> 
> ### * </HEADER>
> library('OlinkAnalyze')
> 
> base::assign(".oldSearch", base::search(), pos = 'CheckExEnv')
> base::assign(".old_wd", base::getwd(), pos = 'CheckExEnv')
> cleanEx()
> nameEx("read_npx")
> ### * read_npx
> 
> flush(stderr()); flush(stdout())
> 
> base::assign(".ptime", proc.time(), pos = "CheckExEnv")
> ### Name: read_npx
> ### Title: Function to read NPX data into R in long format.
> ### Aliases: read_npx read_NPX
> ### Keywords: 1536; 3072; 48; 96; Explore Explore; Flex; HT; NPX; Olink
> ###   Olink; Target csv; parquet; xlsx; zip;
> 
> ### ** Examples
> 
> ## No test: 
> file <- system.file("extdata",
+                     "Example_NPX_Data.csv",
+                     package = "OlinkAnalyze")
> 
> read_NPX(filename = file,
+          sep = NULL)
Error in `as_tibble()`:
! Column 1 must be named.
Use `.name_repair` to specify repair.
Caused by error in `repaired_names()`:
! Names can't be empty.
✖ Empty name found at location 1.
Backtrace:
     ▆
  1. └─OlinkAnalyze::read_NPX(filename = file, sep = NULL)
  2.   └─OlinkAnalyze:::convert_read_npx_output(df = df_olink, out_df = out_df)
  3.     ├─dplyr::as_tibble(df)
  4.     └─tibble:::as_tibble.default(df)
  5.       ├─tibble::as_tibble(...)
  6.       └─tibble:::as_tibble.data.frame(as.data.frame(value, stringsAsFactors = FALSE), ...)
  7.         └─tibble:::lst_to_tibble(unclass(x), .rows, .name_repair)
  8.           └─tibble:::set_repaired_names(...)
  9.             └─tibble:::repaired_names(...)
 10.               ├─tibble:::subclass_name_repair_errors(...)
 11.               │ └─base::withCallingHandlers(...)
 12.               └─vctrs::vec_as_names(...)
 13.                 └─vctrs (local) `<fn>`()
 14.                   └─vctrs:::validate_unique(names = names, arg = arg, call = call)
 15.                     └─vctrs:::stop_names_cannot_be_empty(names, call = call)
 16.                       └─vctrs:::stop_names(...)
 17.                         └─vctrs:::stop_vctrs(...)
 18.                           └─rlang::abort(message, class = c(class, "vctrs_error"), ..., call = call)
Execution halted
